// Vitest Snapshot v1, https://vitest.dev/guide/snapshot.html

exports[`Input component > renders correctly 1`] = `
<div>
  <input
    class="w-full rounded-md border bg-black px-2 outline-none focus:border-rose-500"
  />
</div>
`;
